// Jest Snapshot v1, https://goo.gl/fbAQLP

exports[`Tile renders as expected 1`] = `
<label
  htmlFor="Dwarf-tile-select"
>
  <div
    className="option-tile"
  >
    <header>
      <h2>
        Dwarf
      </h2>
    </header>
    <input
      checked={false}
      className="tile-radio"
      id="Dwarf-tile-select"
      onChange={[Function]}
      type="radio"
      value="Dwarf"
    />
    <p
      className="option-description"
    >
      Proud warriors and miners from the mountains who value culture and tradition.
    </p>
  </div>
</label>
`;
