// Jest Snapshot v1, https://goo.gl/fbAQLP

exports[`Header renders as expected 1`] = `
<div
  className="Header"
>
  <div
    className="header-container"
  >
    <header
      className="hero"
    >
      <h1>
        DnD Character Creator
      </h1>
      <p
        className="sub"
      >
        for Absolute Beginners
      </p>
    </header>
    <nav
      className="user-controls"
    />
  </div>
</div>
`;
