// Jest Snapshot v1, https://goo.gl/fbAQLP

exports[`LoginForm renders as expected 1`] = `
<form
  className="LoginForm"
  onSubmit={[Function]}
>
  <div
    role="alert"
  />
  <div
    className="username"
  >
    <label
      htmlFor="LoginForm__username"
    >
      User name
    </label>
    <input
      id="LoginForm__username"
      name="username"
      required={true}
    />
  </div>
  <div
    className="password"
  >
    <label
      htmlFor="LoginForm__password"
    >
      Password
    </label>
    <input
      id="LoginForm__password"
      name="password"
      required={true}
      type="password"
    />
  </div>
  <button
    type="submit"
  >
    Login
  </button>
</form>
`;
