// Jest Snapshot v1, https://goo.gl/fbAQLP

exports[`App renders as expected 1`] = `
<div
  className="app"
>
  <main
    className="App_main"
  >
    <Switch>
      <PublicOnlyRoute
        component={[Function]}
        exact={true}
        path={
          Array [
            "/",
            "/login",
            "/register",
          ]
        }
      />
      <PrivateRoute
        component={[Function]}
        path="/user"
      />
      <PrivateRoute
        component={[Function]}
        path="/character/:characterId"
      />
      <Route
        component={[Function]}
      />
    </Switch>
  </main>
  <Footer />
</div>
`;
